// Jest Snapshot v1, https://goo.gl/fbAQLP

exports[`renders correctly 1`] = `
ShallowWrapper {
  Symbol(enzyme.__root__): [Circular],
  Symbol(enzyme.__unrendered__): <ListItem
    avatar="frodo_baggins.jpg"
    category="hobbit"
    description="A young well-to-do hobbit. When he discovers that the magic ring left to him by his eccentric Uncle Bilbo is the One Ring, he reluctantly takes on the quest to destroy it. Often referred to as the Ringbearer."
    name="Frodo Baggins"
    significanceIndex={0}
/>,
  Symbol(enzyme.__renderer__): Object {
    "batchedUpdates": [Function],
    "getNode": [Function],
    "render": [Function],
    "simulateError": [Function],
    "simulateEvent": [Function],
    "unmount": [Function],
  },
  Symbol(enzyme.__node__): Object {
    "instance": null,
    "key": undefined,
    "nodeType": "host",
    "props": Object {
      "children": Array [
        <img
          alt="Frodo Baggins"
          className="listItem__avatar"
          src="/characters/frodo_baggins.jpg"
/>,
        <span
          className="listItem__details"
>
          Frodo Baggins (hobbit)
</span>,
        <span
          className="listItem__description"
>
          A young well-to-do hobbit. When he discovers that the magic ring left to him by his eccentric Uncle Bilbo is the One Ring, he reluctantly takes on the quest to destroy it. Often referred to as the Ringbearer.
</span>,
      ],
      "className": "listItem",
    },
    "ref": null,
    "rendered": Array [
      Object {
        "instance": null,
        "key": undefined,
        "nodeType": "host",
        "props": Object {
          "alt": "Frodo Baggins",
          "className": "listItem__avatar",
          "src": "/characters/frodo_baggins.jpg",
        },
        "ref": null,
        "rendered": null,
        "type": "img",
      },
      Object {
        "instance": null,
        "key": undefined,
        "nodeType": "host",
        "props": Object {
          "children": "Frodo Baggins (hobbit)",
          "className": "listItem__details",
        },
        "ref": null,
        "rendered": "Frodo Baggins (hobbit)",
        "type": "span",
      },
      Object {
        "instance": null,
        "key": undefined,
        "nodeType": "host",
        "props": Object {
          "children": "A young well-to-do hobbit. When he discovers that the magic ring left to him by his eccentric Uncle Bilbo is the One Ring, he reluctantly takes on the quest to destroy it. Often referred to as the Ringbearer.",
          "className": "listItem__description",
        },
        "ref": null,
        "rendered": "A young well-to-do hobbit. When he discovers that the magic ring left to him by his eccentric Uncle Bilbo is the One Ring, he reluctantly takes on the quest to destroy it. Often referred to as the Ringbearer.",
        "type": "span",
      },
    ],
    "type": "li",
  },
  Symbol(enzyme.__nodes__): Array [
    Object {
      "instance": null,
      "key": undefined,
      "nodeType": "host",
      "props": Object {
        "children": Array [
          <img
            alt="Frodo Baggins"
            className="listItem__avatar"
            src="/characters/frodo_baggins.jpg"
/>,
          <span
            className="listItem__details"
>
            Frodo Baggins (hobbit)
</span>,
          <span
            className="listItem__description"
>
            A young well-to-do hobbit. When he discovers that the magic ring left to him by his eccentric Uncle Bilbo is the One Ring, he reluctantly takes on the quest to destroy it. Often referred to as the Ringbearer.
</span>,
        ],
        "className": "listItem",
      },
      "ref": null,
      "rendered": Array [
        Object {
          "instance": null,
          "key": undefined,
          "nodeType": "host",
          "props": Object {
            "alt": "Frodo Baggins",
            "className": "listItem__avatar",
            "src": "/characters/frodo_baggins.jpg",
          },
          "ref": null,
          "rendered": null,
          "type": "img",
        },
        Object {
          "instance": null,
          "key": undefined,
          "nodeType": "host",
          "props": Object {
            "children": "Frodo Baggins (hobbit)",
            "className": "listItem__details",
          },
          "ref": null,
          "rendered": "Frodo Baggins (hobbit)",
          "type": "span",
        },
        Object {
          "instance": null,
          "key": undefined,
          "nodeType": "host",
          "props": Object {
            "children": "A young well-to-do hobbit. When he discovers that the magic ring left to him by his eccentric Uncle Bilbo is the One Ring, he reluctantly takes on the quest to destroy it. Often referred to as the Ringbearer.",
            "className": "listItem__description",
          },
          "ref": null,
          "rendered": "A young well-to-do hobbit. When he discovers that the magic ring left to him by his eccentric Uncle Bilbo is the One Ring, he reluctantly takes on the quest to destroy it. Often referred to as the Ringbearer.",
          "type": "span",
        },
      ],
      "type": "li",
    },
  ],
  Symbol(enzyme.__options__): Object {
    "adapter": ReactSixteenAdapter {
      "options": Object {
        "enableComponentDidUpdateOnSetState": true,
        "lifecycles": Object {
          "componentDidUpdate": Object {
            "onSetState": true,
          },
          "getDerivedStateFromProps": true,
          "getSnapshotBeforeUpdate": true,
          "setState": Object {
            "skipsComponentDidUpdateOnNullish": true,
          },
        },
      },
    },
  },
}
`;
